// Jest Snapshot v1, https://goo.gl/fbAQLP

exports[`<App/> rendering matches snapshot 1`] = `
<DocumentFragment>
  <div
    class="TodoList"
  >
    <form>
      <label
        for="todo"
      >
        Todo Item:
      </label>
      <input
        id="todo"
        name="todo"
        value=""
      />
      <button>
        Add a new todo!
      </button>
    </form>
    <ul />
  </div>
</DocumentFragment>
`;
